Start building sites 鈥?
hugo v0.158.0-f41be7959a44108641f1e081adf5c4be7fc1bb63+extended windows/amd64 BuildDate=2026-03-16T17:42:04Z VendorInfo=gohugoio

.\hugo.exe : WARN  found no layout file for "html" for kind "section": You should create a template file which matches 
Hugo Layouts Lookup Rules for this combination.
所在位置 行:1 字符: 1
+ .\hugo.exe -D --destination test_public > build_output.txt 2>&1
+ ~~~~~~~~~~~~~~~~~~~~~~~~~~~~~~~~~~~~~~~~~~~~~~~~~~~~~~~~~~~~~~~
    + CategoryInfo          : NotSpecified: (WARN  found no ...is combination.:String) [], RemoteException
    + FullyQualifiedErrorId : NativeCommandError
 
WARN  found no layout file for "html" for kind "page": You should create a template file which matches Hugo Layouts Loo
kup Rules for this combination.
WARN  found no layout file for "html" for kind "term": You should create a template file which matches Hugo Layouts Loo
kup Rules for this combination.

WARN  found no layout file for "html" for kind "home": You should create a template file which matches Hugo Layouts Loo
kup Rules for this combination.


WARN  found no layout file for "html" for kind "taxonomy": You should create a template file which matches Hugo Layouts
 Lookup Rules for this combination.


WARN  Raw HTML omitted while rendering "D:/code/my-blog/content/posts/2025-06-14-鐢熷懡鐨勬剰涔?md"; see https://gohugo.io/get
ting-started/configuration-markup/#rendererunsafe
You can suppress this warning by adding the following to your project configuration:
ignoreLogs = ['warning-goldmark-raw-html']


WARN  Raw HTML omitted while rendering "D:/code/my-blog/content/posts/2024-07-17-涓夌溂绁炴棌鐨勭涓夊彧鐪肩殑浣滅敤.md"; see https://go
hugo.io/getting-started/configuration-markup/#rendererunsafe
You can suppress this warning by adding the following to your project configuration:
ignoreLogs = ['warning-goldmark-raw-html']

WARN  Raw HTML omitted while rendering "D:/code/my-blog/content/posts/2025-09-20-楝艰妭鑳屽悗涓嶄负浜虹煡鐨勯粦鏆楃湡鐩?md"; see https://g
ohugo.io/getting-started/configuration-markup/#rendererunsafe
You can suppress this warning by adding the following to your project configuration:
ignoreLogs = ['warning-goldmark-raw-html']

WARN  Raw HTML omitted while rendering "D:/code/my-blog/content/posts/2025-10-03-鍏充簬鐏甸瓊鐨勭湡鐩?md"; see https://gohugo.io/
getting-started/configuration-markup/#rendererunsafe
You can suppress this warning by adding the following to your project configuration:
ignoreLogs = ['warning-goldmark-raw-html']


WARN  Raw HTML omitted while rendering "D:/code/my-blog/content/posts/2024-07-17-绁炶瘽鏃朵唬鐨勫叏鎭ぉ骞?md"; see https://gohugo.
io/getting-started/configuration-markup/#rendererunsafe
You can suppress this warning by adding the following to your project configuration:
ignoreLogs = ['warning-goldmark-raw-html']


WARN  Raw HTML omitted while rendering "D:/code/my-blog/content/posts/2024-07-12-銆婂摢鍚掗椆娴枫€嬫殫鍠荤殑鍘嗗彶.md"; see https://goh
ugo.io/getting-started/configuration-markup/#rendererunsafe
You can suppress this warning by adding the following to your project configuration:
ignoreLogs = ['warning-goldmark-raw-html']


WARN  Raw HTML omitted while rendering "D:/code/my-blog/content/posts/2025-09-07-浜虹被鏃犳硶杞敓鐨勫師鍥?md"; see https://gohugo.
io/getting-started/configuration-markup/#rendererunsafe
You can suppress this warning by adding the following to your project configuration:
ignoreLogs = ['warning-goldmark-raw-html']


WARN  Raw HTML omitted while rendering "D:/code/my-blog/content/posts/2016-07-16-鏂囧瓧鐙?榄旂帇鍜?md"; see https://gohugo.io/g
etting-started/configuration-markup/#rendererunsafe
You can suppress this warning by adding the following to your project configuration:
ignoreLogs = ['warning-goldmark-raw-html']


WARN  Raw HTML omitted while rendering "D:/code/my-blog/content/posts/2024-07-08-銆婂北娴风粡銆嬩笌鐜板疄涓栫晫瀵瑰簲鐨勫師鍨?md"; see https:
//gohugo.io/getting-started/configuration-markup/#rendererunsafe
You can suppress this warning by adding the following to your project configuration:
ignoreLogs = ['warning-goldmark-raw-html']


WARN  Raw HTML omitted while rendering "D:/code/my-blog/content/posts/2024-07-17-绁炶瘽涓栫晫鐨勭煩闃佃Е鍙戞潯浠?md"; see https://gohu
go.io/getting-started/configuration-markup/#rendererunsafe
You can suppress this warning by adding the following to your project configuration:
ignoreLogs = ['warning-goldmark-raw-html']


WARN  Raw HTML omitted while rendering "D:/code/my-blog/content/posts/2024-07-02-缇庡浗涓嶅啀鐧绘湀鐨勭湡鐩?md"; see https://gohugo.
io/getting-started/configuration-markup/#rendererunsafe
You can suppress this warning by adding the following to your project configuration:
ignoreLogs = ['warning-goldmark-raw-html']


WARN  Raw HTML omitted while rendering "D:/code/my-blog/content/posts/2025-05-02-鏈堢悆鐭╅樀鐨勪綔鐢?md"; see https://gohugo.io/
getting-started/configuration-markup/#rendererunsafe
You can suppress this warning by adding the following to your project configuration:
ignoreLogs = ['warning-goldmark-raw-html']


WARN  Raw HTML omitted while rendering "D:/code/my-blog/content/posts/2016-07-16-鏈潵灏变笉鏄瀵?md"; see https://gohugo.io/
getting-started/configuration-markup/#rendererunsafe
You can suppress this warning by adding the following to your project configuration:
ignoreLogs = ['warning-goldmark-raw-html']


WARN  Raw HTML omitted while rendering "D:/code/my-blog/content/posts/2024-07-08-鍩哄洜婕斿寲鍜屼紶鎵跨殑鍗拌.md"; see https://gohug
o.io/getting-started/configuration-markup/#rendererunsafe
You can suppress this warning by adding the following to your project configuration:
ignoreLogs = ['warning-goldmark-raw-html']


WARN  Raw HTML omitted while rendering "D:/code/my-blog/content/posts/2024-09-15-鎺у埗澶ц剳鐨勭瀵嗘鍣?md"; see https://gohugo.
io/getting-started/configuration-markup/#rendererunsafe
You can suppress this warning by adding the following to your project configuration:
ignoreLogs = ['warning-goldmark-raw-html']


WARN  Raw HTML omitted while rendering "D:/code/my-blog/content/posts/2024-07-02-浠ユ不鎰堜箣鍚?md"; see https://gohugo.io/get
ting-started/configuration-markup/#rendererunsafe
You can suppress this warning by adding the following to your project configuration:
ignoreLogs = ['warning-goldmark-raw-html']


WARN  Raw HTML omitted while rendering "D:/code/my-blog/content/posts/2024-12-28-铚ヨ湸浜烘姠鍔笂鍙ゆ櫤鎱у伐鍏风殑鏁呬簨.md"; see https:/
/gohugo.io/getting-started/configuration-markup/#rendererunsafe
You can suppress this warning by adding the following to your project configuration:
ignoreLogs = ['warning-goldmark-raw-html']


WARN  Raw HTML omitted while rendering "D:/code/my-blog/content/posts/2024-10-18-娣辫摑鍎跨鐨勬潵婧?md"; see https://gohugo.io/
getting-started/configuration-markup/#rendererunsafe
You can suppress this warning by adding the following to your project configuration:
ignoreLogs = ['warning-goldmark-raw-html']


WARN  Raw HTML omitted while rendering "D:/code/my-blog/content/posts/2024-07-17-7d鍏ㄦ伅鐨勪笘鐣?md"; see https://gohugo.io/g
etting-started/configuration-markup/#rendererunsafe
You can suppress this warning by adding the following to your project configuration:
ignoreLogs = ['warning-goldmark-raw-html']


WARN  Raw HTML omitted while rendering "D:/code/my-blog/content/posts/2024-07-20-鐨囧琛€缁熶笌鏄熺浉鐨勭湡鐩?md"; see https://gohug
o.io/getting-started/configuration-markup/#rendererunsafe
You can suppress this warning by adding the following to your project configuration:
ignoreLogs = ['warning-goldmark-raw-html']


WARN  Raw HTML omitted while rendering "D:/code/my-blog/content/posts/2024-07-17-涔濆骞绘柟涓殑鍚勭淮搴︿箣闂寸殑鍏崇郴.md"; see https:/
/gohugo.io/getting-started/configuration-markup/#rendererunsafe
You can suppress this warning by adding the following to your project configuration:
ignoreLogs = ['warning-goldmark-raw-html']

WARN  Raw HTML omitted while rendering "D:/code/my-blog/content/posts/2024-08-12-鍘嗗彶涓轰綍鎬绘槸鎯婁汉鐨勭浉浼?md"; see https://gohu
go.io/getting-started/configuration-markup/#rendererunsafe
You can suppress this warning by adding the following to your project configuration:
ignoreLogs = ['warning-goldmark-raw-html']

WARN  Raw HTML omitted while rendering "D:/code/my-blog/content/posts/2016-07-16-鍏夋槑浼氫笉鍙鐨勭瀵?md"; see https://gohugo.
io/getting-started/configuration-markup/#rendererunsafe
You can suppress this warning by adding the following to your project configuration:
ignoreLogs = ['warning-goldmark-raw-html']


WARN  Raw HTML omitted while rendering "D:/code/my-blog/content/posts/2024-07-08-涓ц懍涔犱織鏂囧寲.md"; see https://gohugo.io/g
etting-started/configuration-markup/#rendererunsafe
You can suppress this warning by adding the following to your project configuration:
ignoreLogs = ['warning-goldmark-raw-html']


WARN  Raw HTML omitted while rendering "D:/code/my-blog/content/posts/2024-07-17-杩欎笘鐣屼竴鐩村瓨鍦ㄧ殑涓ゅぇ瀵圭珛鍔垮姏.md"; see https:/
/gohugo.io/getting-started/configuration-markup/#rendererunsafe
You can suppress this warning by adding the following to your project configuration:
ignoreLogs = ['warning-goldmark-raw-html']


WARN  Raw HTML omitted while rendering "D:/code/my-blog/content/posts/2024-07-08-浠ヤ俊涓洪鐨勫ぉ铓?md"; see https://gohugo.io/
getting-started/configuration-markup/#rendererunsafe
You can suppress this warning by adding the following to your project configuration:
ignoreLogs = ['warning-goldmark-raw-html']


WARN  Raw HTML omitted while rendering "D:/code/my-blog/content/posts/2024-07-26-鏂版畺姘戜富涔?涓婇潰鏈変汉.md"; see https://gohugo
.io/getting-started/configuration-markup/#rendererunsafe
You can suppress this warning by adding the following to your project configuration:
ignoreLogs = ['warning-goldmark-raw-html']


WARN  Raw HTML omitted while rendering "D:/code/my-blog/content/posts/2016-07-15-涔濆骞绘柟鍚勭淮搴﹀叧绯昏瑙ｏ紙鍥涳級.md"; see https:/
/gohugo.io/getting-started/configuration-markup/#rendererunsafe
You can suppress this warning by adding the following to your project configuration:
ignoreLogs = ['warning-goldmark-raw-html']


WARN  Raw HTML omitted while rendering "D:/code/my-blog/content/posts/2024-07-11-浜洪奔鐨笌涔濊幉瀹濈伅鐨勬晠浜?md"; see https://gohu
go.io/getting-started/configuration-markup/#rendererunsafe
You can suppress this warning by adding the following to your project configuration:
ignoreLogs = ['warning-goldmark-raw-html']


WARN  Raw HTML omitted while rendering "D:/code/my-blog/content/posts/2016-07-15-鍦扮悆鏂囨槑鍜屽畤瀹欏巻鍙茬殑鐪熸绛旀锛堜竷锛?md"; see htt
ps://gohugo.io/getting-started/configuration-markup/#rendererunsafe
You can suppress this warning by adding the following to your project configuration:
ignoreLogs = ['warning-goldmark-raw-html']


WARN  Raw HTML omitted while rendering "D:/code/my-blog/content/posts/2024-07-08-鏈変簺鍥惧儚瑕侀棴涓婄溂鐫涙墠鐪嬪緱鍒?md"; see https://g
ohugo.io/getting-started/configuration-markup/#rendererunsafe
You can suppress this warning by adding the following to your project configuration:
ignoreLogs = ['warning-goldmark-raw-html']


WARN  Raw HTML omitted while rendering "D:/code/my-blog/content/posts/2024-07-17-绁炶瘽涓栫晫涓殑涓€涓濈殑涓嶅畨.md"; see https://goh
ugo.io/getting-started/configuration-markup/#rendererunsafe
You can suppress this warning by adding the following to your project configuration:
ignoreLogs = ['warning-goldmark-raw-html']


WARN  Raw HTML omitted while rendering "D:/code/my-blog/content/posts/2024-07-25-杩欎釜缁勭粐浠ュ厜鐨勫悕涔夊仛鐫€鏈€瑙佷笉寰楀厜鐨勪簨.md"; see 
https://gohugo.io/getting-started/configuration-markup/#rendererunsafe
You can suppress this warning by adding the following to your project configuration:
ignoreLogs = ['warning-goldmark-raw-html']


WARN  Raw HTML omitted while rendering "D:/code/my-blog/content/posts/2024-07-02-鍏夋槑浼氬拰鍏辨祹浼氱殑鏁板瓧瀵嗙爜.md"; see https://go
hugo.io/getting-started/configuration-markup/#rendererunsafe
You can suppress this warning by adding the following to your project configuration:
ignoreLogs = ['warning-goldmark-raw-html']


WARN  Raw HTML omitted while rendering "D:/code/my-blog/content/posts/2024-07-17-涔濋噸澶╃殑涓栫晫.md"; see https://gohugo.io/g
etting-started/configuration-markup/#rendererunsafe
You can suppress this warning by adding the following to your project configuration:
ignoreLogs = ['warning-goldmark-raw-html']


WARN  Raw HTML omitted while rendering "D:/code/my-blog/content/posts/2016-07-15-鍏充簬浜屽厓瀵圭珛鐨勭瓟妗?md"; see https://gohugo.
io/getting-started/configuration-markup/#rendererunsafe
You can suppress this warning by adding the following to your project configuration:
ignoreLogs = ['warning-goldmark-raw-html']


WARN  Raw HTML omitted while rendering "D:/code/my-blog/content/posts/2016-07-16-澶╁湴涔嬮棿-鍞竴浜哄皵-娴戞矊涓嶅偦-鍙槸鍗曠函.md"; see h
ttps://gohugo.io/getting-started/configuration-markup/#rendererunsafe
You can suppress this warning by adding the following to your project configuration:
ignoreLogs = ['warning-goldmark-raw-html']


WARN  Raw HTML omitted while rendering "D:/code/my-blog/content/posts/2024-07-08-杩欎釜涓栫晫鏍规湰娌℃湁浜轰汉骞崇瓑.md"; see https://go
hugo.io/getting-started/configuration-markup/#rendererunsafe
You can suppress this warning by adding the following to your project configuration:
ignoreLogs = ['warning-goldmark-raw-html']

WARN  Raw HTML omitted while rendering "D:/code/my-blog/content/posts/2016-07-15-涔濆骞绘柟鍚勭淮搴﹀叧绯昏瑙ｏ紙涓夛級.md"; see https:/
/gohugo.io/getting-started/configuration-markup/#rendererunsafe
You can suppress this warning by adding the following to your project configuration:
ignoreLogs = ['warning-goldmark-raw-html']

WARN  Raw HTML omitted while rendering "D:/code/my-blog/content/posts/2024-07-17-鏈€绾磥鐨勬剰璇嗗拰鎵嬫墠鑳借Е鎽稿拰鍒堕€犲嚭杩欎笘鐣屾渶绾磥.md"
; see https://gohugo.io/getting-started/configuration-markup/#rendererunsafe
You can suppress this warning by adding the following to your project configuration:
ignoreLogs = ['warning-goldmark-raw-html']


WARN  Raw HTML omitted while rendering "D:/code/my-blog/content/faq/index.md"; see https://gohugo.io/getting-started/co
nfiguration-markup/#rendererunsafe
You can suppress this warning by adding the following to your project configuration:
ignoreLogs = ['warning-goldmark-raw-html']


WARN  Raw HTML omitted while rendering "D:/code/my-blog/content/posts/2016-07-15-鍦扮悆鏂囨槑鍜屽畤瀹欏巻鍙茬殑鐪熸绛旀锛堜竴锛?md"; see htt
ps://gohugo.io/getting-started/configuration-markup/#rendererunsafe
You can suppress this warning by adding the following to your project configuration:
ignoreLogs = ['warning-goldmark-raw-html']


WARN  Raw HTML omitted while rendering "D:/code/my-blog/content/posts/2016-07-16-瀹囧畽绗竴涔嬬姜灏辨槸娆洪獥鍏辫瘑.md"; see https://go
hugo.io/getting-started/configuration-markup/#rendererunsafe
You can suppress this warning by adding the following to your project configuration:
ignoreLogs = ['warning-goldmark-raw-html']


WARN  Raw HTML omitted while rendering "D:/code/my-blog/content/posts/2024-07-02-楹︾敯鍦堢殑鐪熺浉.md"; see https://gohugo.io/g
etting-started/configuration-markup/#rendererunsafe
You can suppress this warning by adding the following to your project configuration:
ignoreLogs = ['warning-goldmark-raw-html']


WARN  Raw HTML omitted while rendering "D:/code/my-blog/content/guide/index.md"; see https://gohugo.io/getting-started/
configuration-markup/#rendererunsafe
You can suppress this warning by adding the following to your project configuration:
ignoreLogs = ['warning-goldmark-raw-html']


WARN  Raw HTML omitted while rendering "D:/code/my-blog/content/posts/2016-07-15-涔濆骞绘柟涓庣幇瀹炵ぞ浼氬舰鎬佺殑绛旀.md"; see https:/
/gohugo.io/getting-started/configuration-markup/#rendererunsafe
You can suppress this warning by adding the following to your project configuration:
ignoreLogs = ['warning-goldmark-raw-html']


WARN  Raw HTML omitted while rendering "D:/code/my-blog/content/posts/2016-07-16-绗笁鎬у埆-璧风偣-缁堢偣-濂囩偣-璇呭拻.md"; see https:
//gohugo.io/getting-started/configuration-markup/#rendererunsafe
You can suppress this warning by adding the following to your project configuration:
ignoreLogs = ['warning-goldmark-raw-html']


WARN  Raw HTML omitted while rendering "D:/code/my-blog/content/posts/2024-07-17-楝煎拰榄傜殑瑙ｈ.md"; see https://gohugo.io/g
etting-started/configuration-markup/#rendererunsafe
You can suppress this warning by adding the following to your project configuration:
ignoreLogs = ['warning-goldmark-raw-html']


WARN  Raw HTML omitted while rendering "D:/code/my-blog/content/posts/2024-07-08-濂楀拰缁撶殑鏂囧寲.md"; see https://gohugo.io/g
etting-started/configuration-markup/#rendererunsafe
You can suppress this warning by adding the following to your project configuration:
ignoreLogs = ['warning-goldmark-raw-html']


WARN  Raw HTML omitted while rendering "D:/code/my-blog/content/posts/2016-07-15-鑴戞帶鍜岀簿绁炵梾鍖诲鐨勭湡鐩?md"; see https://gohu
go.io/getting-started/configuration-markup/#rendererunsafe
You can suppress this warning by adding the following to your project configuration:
ignoreLogs = ['warning-goldmark-raw-html']


WARN  Raw HTML omitted while rendering "D:/code/my-blog/content/posts/2024-07-17-浜氱壒鍏拌拏鏂紝鍙よ€佹枃鏄庡拰绁炶瘽鐨勮捣婧?md"; see http
s://gohugo.io/getting-started/configuration-markup/#rendererunsafe
You can suppress this warning by adding the following to your project configuration:
ignoreLogs = ['warning-goldmark-raw-html']


WARN  Raw HTML omitted while rendering "D:/code/my-blog/content/posts/2024-07-17-鍏亾杞洖鐨勭湡鐩?md"; see https://gohugo.io/
getting-started/configuration-markup/#rendererunsafe
You can suppress this warning by adding the following to your project configuration:
ignoreLogs = ['warning-goldmark-raw-html']


WARN  Raw HTML omitted while rendering "D:/code/my-blog/content/posts/2024-07-08-灏佺鐨勬剰涔?md"; see https://gohugo.io/get
ting-started/configuration-markup/#rendererunsafe
You can suppress this warning by adding the following to your project configuration:
ignoreLogs = ['warning-goldmark-raw-html']


WARN  Raw HTML omitted while rendering "D:/code/my-blog/content/posts/2016-07-15-涔濆骞绘柟鍚勭淮搴﹀叧绯昏瑙ｏ紙浜岋級.md"; see https:/
/gohugo.io/getting-started/configuration-markup/#rendererunsafe
You can suppress this warning by adding the following to your project configuration:
ignoreLogs = ['warning-goldmark-raw-html']


WARN  Raw HTML omitted while rendering "D:/code/my-blog/content/posts/2016-07-15-鍏充簬鏂颁笘鐣岀З搴忓拰鍏夌収娲剧殑鐪熺浉.md"; see https:/
/gohugo.io/getting-started/configuration-markup/#rendererunsafe
You can suppress this warning by adding the following to your project configuration:
ignoreLogs = ['warning-goldmark-raw-html']


WARN  Raw HTML omitted while rendering "D:/code/my-blog/content/posts/2024-07-02-娣变笉瑙佸簳鐨勭綉缁?md"; see https://gohugo.io/
getting-started/configuration-markup/#rendererunsafe
You can suppress this warning by adding the following to your project configuration:
ignoreLogs = ['warning-goldmark-raw-html']


WARN  Raw HTML omitted while rendering "D:/code/my-blog/content/posts/2024-07-08-绁炵殑瑙ｈ.md"; see https://gohugo.io/gett
ing-started/configuration-markup/#rendererunsafe
You can suppress this warning by adding the following to your project configuration:
ignoreLogs = ['warning-goldmark-raw-html']


WARN  Raw HTML omitted while rendering "D:/code/my-blog/content/posts/2024-07-08-浜烘€ф湰鍠?md"; see https://gohugo.io/gett
ing-started/configuration-markup/#rendererunsafe
You can suppress this warning by adding the following to your project configuration:
ignoreLogs = ['warning-goldmark-raw-html']


WARN  Raw HTML omitted while rendering "D:/code/my-blog/content/posts/2024-07-02-涓庡湴涓嬩笘鐣岀浉鍏崇殑绉樺瘑琛屽姩.md"; see https://go
hugo.io/getting-started/configuration-markup/#rendererunsafe
You can suppress this warning by adding the following to your project configuration:
ignoreLogs = ['warning-goldmark-raw-html']


WARN  Raw HTML omitted while rendering "D:/code/my-blog/content/posts/2024-07-17-涓轰粈涔堝ぉ浣垮ご涓婃湁涓湀锛?md"; see https://gohu
go.io/getting-started/configuration-markup/#rendererunsafe
You can suppress this warning by adding the following to your project configuration:
ignoreLogs = ['warning-goldmark-raw-html']


WARN  Raw HTML omitted while rendering "D:/code/my-blog/content/posts/2024-07-02-浜鸿剦鐨勭瀵嗭細鑺辫姳杞垮瓙浜烘姮浜?md"; see https://g
ohugo.io/getting-started/configuration-markup/#rendererunsafe
You can suppress this warning by adding the following to your project configuration:
ignoreLogs = ['warning-goldmark-raw-html']


WARN  Raw HTML omitted while rendering "D:/code/my-blog/content/posts/2024-07-17-澶槼鐨勮捣婧?鐩樺彜寮€澶?md"; see https://gohugo
.io/getting-started/configuration-markup/#rendererunsafe
You can suppress this warning by adding the following to your project configuration:
ignoreLogs = ['warning-goldmark-raw-html']


WARN  Raw HTML omitted while rendering "D:/code/my-blog/content/posts/2016-07-16-鍒涗笘绁炶瘽-娌℃湁鍏朵粬绛旀.md"; see https://gohu
go.io/getting-started/configuration-markup/#rendererunsafe
You can suppress this warning by adding the following to your project configuration:
ignoreLogs = ['warning-goldmark-raw-html']


WARN  Raw HTML omitted while rendering "D:/code/my-blog/content/posts/2016-07-15-涔濆骞绘柟鍚勭淮搴﹀叧绯昏瑙ｏ紙涓€锛?md"; see https:/
/gohugo.io/getting-started/configuration-markup/#rendererunsafe
You can suppress this warning by adding the following to your project configuration:
ignoreLogs = ['warning-goldmark-raw-html']


WARN  Raw HTML omitted while rendering "D:/code/my-blog/content/posts/2016-07-16-鑴戞帶缁勭粐棣栬剳锛岀撼绮逛綑鍏氱殑鐪熼潰鐩?闃撮槼浜?md"; see h
ttps://gohugo.io/getting-started/configuration-markup/#rendererunsafe
You can suppress this warning by adding the following to your project configuration:
ignoreLogs = ['warning-goldmark-raw-html']


WARN  Raw HTML omitted while rendering "D:/code/my-blog/content/posts/2016-07-15-鍏充簬6娆″ぇ鐏粷鍜屼笘鐣屾湯鏃ョ殑鐪熺浉.md"; see https:
//gohugo.io/getting-started/configuration-markup/#rendererunsafe
You can suppress this warning by adding the following to your project configuration:
ignoreLogs = ['warning-goldmark-raw-html']
WARN  Raw HTML omitted while rendering "D:/code/my-blog/content/posts/2024-07-08-鎷涢瓊骞＄殑鏂囧寲涓庡巻鍙叉笂婧?md"; see https://gohu
go.io/getting-started/configuration-markup/#rendererunsafe
You can suppress this warning by adding the following to your project configuration:
ignoreLogs = ['warning-goldmark-raw-html']
WARN  Raw HTML omitted while rendering "D:/code/my-blog/content/posts/2016-07-16-鍐滄皯閭暀缁勭粐鐨勬槦鍏夊畤瀹欑鍦ｉ獥灞€鐨勭瓟妗?md"; see h
ttps://gohugo.io/getting-started/configuration-markup/#rendererunsafe
You can suppress this warning by adding the following to your project configuration:
ignoreLogs = ['warning-goldmark-raw-html']
WARN  Raw HTML omitted while rendering "D:/code/my-blog/content/posts/2016-07-15-鍏充簬涓夊崈鍏夋槑涓栫晫鐨勭瓟妗?md"; see https://gohu
go.io/getting-started/configuration-markup/#rendererunsafe
You can suppress this warning by adding the following to your project configuration:
ignoreLogs = ['warning-goldmark-raw-html']
WARN  Raw HTML omitted while rendering "D:/code/my-blog/content/posts/2024-07-17-琛屾槦鐨勮捣婧?澶╁伐寮€鐗?md"; see https://gohugo
.io/getting-started/configuration-markup/#rendererunsafe
You can suppress this warning by adding the following to your project configuration:
ignoreLogs = ['warning-goldmark-raw-html']
WARN  Raw HTML omitted while rendering "D:/code/my-blog/content/posts/2016-07-16-鐏甸瓊瀛︿笌绮剧鍖诲瑙ｅ瘑锛堜竴锛?md"; see https://g
ohugo.io/getting-started/configuration-markup/#rendererunsafe
You can suppress this warning by adding the following to your project configuration:
ignoreLogs = ['warning-goldmark-raw-html']
WARN  Raw HTML omitted while rendering "D:/code/my-blog/content/posts/2016-07-15-瀹囧畽鐨勫够鏂?搴忚█.md"; see https://gohugo.io
/getting-started/configuration-markup/#rendererunsafe
You can suppress this warning by adding the following to your project configuration:
ignoreLogs = ['warning-goldmark-raw-html']
WARN  Raw HTML omitted while rendering "D:/code/my-blog/content/posts/2024-07-08-鏃犱负鐨勫洓閲嶅惈涔?md"; see https://gohugo.io/
getting-started/configuration-markup/#rendererunsafe
You can suppress this warning by adding the following to your project configuration:
ignoreLogs = ['warning-goldmark-raw-html']
WARN  Raw HTML omitted while rendering "D:/code/my-blog/content/posts/2016-07-16-鍏夋槑浼氥€佹皯闂撮偑鏁欏拰涓浗鍘嗗彶鐨勭瓟妗?md"; see http
s://gohugo.io/getting-started/configuration-markup/#rendererunsafe
You can suppress this warning by adding the following to your project configuration:
ignoreLogs = ['warning-goldmark-raw-html']
WARN  Raw HTML omitted while rendering "D:/code/my-blog/content/posts/2024-07-02-鍒堕€犳満鍣ㄤ汉鐨勬柟娉?md"; see https://gohugo.i
o/getting-started/configuration-markup/#rendererunsafe
You can suppress this warning by adding the following to your project configuration:
ignoreLogs = ['warning-goldmark-raw-html']
WARN  Raw HTML omitted while rendering "D:/code/my-blog/content/posts/2016-07-16-褰撶璇濇垚涓虹幇瀹?md"; see https://gohugo.io/
getting-started/configuration-markup/#rendererunsafe
You can suppress this warning by adding the following to your project configuration:
ignoreLogs = ['warning-goldmark-raw-html']
WARN  Raw HTML omitted while rendering "D:/code/my-blog/content/posts/2016-07-16-瀹囧畽鏄釜鐞冿紝绁炶瘽鏄釜灞侊紝鐜╁埌鏈€鍚庡氨鍚屽綊浜庡敖.md"; 
see https://gohugo.io/getting-started/configuration-markup/#rendererunsafe
You can suppress this warning by adding the following to your project configuration:
ignoreLogs = ['warning-goldmark-raw-html']
WARN  Raw HTML omitted while rendering "D:/code/my-blog/content/posts/2024-07-17-鍗佷竴涓淮搴︾殑涓栫晫缁撴瀯鍜岀壒鐐?md"; see https://g
ohugo.io/getting-started/configuration-markup/#rendererunsafe
You can suppress this warning by adding the following to your project configuration:
ignoreLogs = ['warning-goldmark-raw-html']

WARN  Raw HTML omitted while rendering "D:/code/my-blog/content/posts/2024-07-02-鍦颁笅涓栫晫鐨勭瀵?md"; see https://gohugo.io/
getting-started/configuration-markup/#rendererunsafe
You can suppress this warning by adding the following to your project configuration:
ignoreLogs = ['warning-goldmark-raw-html']
WARN  Raw HTML omitted while rendering "D:/code/my-blog/content/posts/2016-07-16-鎺т粈涔堟帶锛佷竴缇ょ缁忕梾锛佹湁鏁堢牬瑙ｈ剳鎺х殑绠€鍗曞姙娉?md";
 see https://gohugo.io/getting-started/configuration-markup/#rendererunsafe
You can suppress this warning by adding the following to your project configuration:
ignoreLogs = ['warning-goldmark-raw-html']
WARN  Raw HTML omitted while rendering "D:/code/my-blog/content/posts/2024-07-17-鍏充簬鏈堢悆鐨勭湡鐩?2.md"; see https://gohugo.i
o/getting-started/configuration-markup/#rendererunsafe
You can suppress this warning by adding the following to your project configuration:
ignoreLogs = ['warning-goldmark-raw-html']
WARN  Raw HTML omitted while rendering "D:/code/my-blog/content/posts/2024-07-08-鑿╂彁鏈棤鏍戯紝鏄庨暅浜﹂潪鍙般€傛湰鏉ユ棤涓€鐗╋紝浣曞鎯?md"; 
see https://gohugo.io/getting-started/configuration-markup/#rendererunsafe
You can suppress this warning by adding the following to your project configuration:
ignoreLogs = ['warning-goldmark-raw-html']
WARN  Raw HTML omitted while rendering "D:/code/my-blog/content/posts/2024-07-17-鏈堢悆闃挎尝缃?0鍙风殑鐪熺浉.md"; see https://gohug
o.io/getting-started/configuration-markup/#rendererunsafe
You can suppress this warning by adding the following to your project configuration:
ignoreLogs = ['warning-goldmark-raw-html']
WARN  Raw HTML omitted while rendering "D:/code/my-blog/content/posts/2024-07-08-鏂囧瓧鐨勮捣婧?md"; see https://gohugo.io/get
ting-started/configuration-markup/#rendererunsafe
You can suppress this warning by adding the following to your project configuration:
ignoreLogs = ['warning-goldmark-raw-html']
WARN  Raw HTML omitted while rendering "D:/code/my-blog/content/posts/2024-07-17-浼忕静濂冲ú鐨勫悕瀛楃殑璧锋簮.md"; see https://gohug
o.io/getting-started/configuration-markup/#rendererunsafe
You can suppress this warning by adding the following to your project configuration:
ignoreLogs = ['warning-goldmark-raw-html']
WARN  Raw HTML omitted while rendering "D:/code/my-blog/content/posts/2024-07-07-浣涘鐨勮捣婧?md"; see https://gohugo.io/get
ting-started/configuration-markup/#rendererunsafe
You can suppress this warning by adding the following to your project configuration:
ignoreLogs = ['warning-goldmark-raw-html']
WARN  Raw HTML omitted while rendering "D:/code/my-blog/content/posts/2024-07-17-瀹囧畽鐨勭涓変釜璧锋簮锛氬畤瀹欑殑绗竴绮掑皹鍩冨拰绗竴鏉熷厜.md";
 see https://gohugo.io/getting-started/configuration-markup/#rendererunsafe
You can suppress this warning by adding the following to your project configuration:
ignoreLogs = ['warning-goldmark-raw-html']

WARN  Raw HTML omitted while rendering "D:/code/my-blog/content/posts/2016-07-16-涓囩墿鏈悓鍏?md"; see https://gohugo.io/get
ting-started/configuration-markup/#rendererunsafe
You can suppress this warning by adding the following to your project configuration:
ignoreLogs = ['warning-goldmark-raw-html']

WARN  Raw HTML omitted while rendering "D:/code/my-blog/content/posts/2024-07-17-浼忕静濂冲ú鍥剧殑绉樺瘑.md"; see https://gohugo.i
o/getting-started/configuration-markup/#rendererunsafe
You can suppress this warning by adding the following to your project configuration:
ignoreLogs = ['warning-goldmark-raw-html']

WARN  Raw HTML omitted while rendering "D:/code/my-blog/content/posts/2024-07-17-鍗冮噷濮荤紭涓€绾跨壍.md"; see https://gohugo.io
/getting-started/configuration-markup/#rendererunsafe
You can suppress this warning by adding the following to your project configuration:
ignoreLogs = ['warning-goldmark-raw-html']

WARN  Raw HTML omitted while rendering "D:/code/my-blog/content/posts/2024-07-02-灏忕伆浜虹殑鏉ユ簮锛屽湴鐞冪殑鏈潵.md"; see https://go
hugo.io/getting-started/configuration-markup/#rendererunsafe
You can suppress this warning by adding the following to your project configuration:
ignoreLogs = ['warning-goldmark-raw-html']


WARN  Raw HTML omitted while rendering "D:/code/my-blog/content/posts/2016-07-16-涓€鍒囩殑涓€鍒囷紝浠讳綘鎯宠薄锛岄殢蹇冩墍娆?md"; see https
://gohugo.io/getting-started/configuration-markup/#rendererunsafe
You can suppress this warning by adding the following to your project configuration:
ignoreLogs = ['warning-goldmark-raw-html']


WARN  Raw HTML omitted while rendering "D:/code/my-blog/content/posts/2024-07-08-鍐ユ兂-鍐ユ€濊嫤鎯?md"; see https://gohugo.io/
getting-started/configuration-markup/#rendererunsafe
You can suppress this warning by adding the following to your project configuration:
ignoreLogs = ['warning-goldmark-raw-html']


WARN  Raw HTML omitted while rendering "D:/code/my-blog/content/posts/2024-07-17-瀹囧畽鐨勭鍏釜璧锋簮锛氫汉楸间箣姊?md"; see https://g
ohugo.io/getting-started/configuration-markup/#rendererunsafe
You can suppress this warning by adding the following to your project configuration:
ignoreLogs = ['warning-goldmark-raw-html']


WARN  Raw HTML omitted while rendering "D:/code/my-blog/content/posts/2024-07-17-瀛欐偀绌恒€佺尓鎮熻兘鍜屾矙鎮熷噣鐨勭湡瀹炶韩浠?md"; see http
s://gohugo.io/getting-started/configuration-markup/#rendererunsafe
You can suppress this warning by adding the following to your project configuration:
ignoreLogs = ['warning-goldmark-raw-html']


WARN  Raw HTML omitted while rendering "D:/code/my-blog/content/posts/2024-07-02-淇濋櫓鐨勬湰璐?md"; see https://gohugo.io/get
ting-started/configuration-markup/#rendererunsafe
You can suppress this warning by adding the following to your project configuration:
ignoreLogs = ['warning-goldmark-raw-html']


WARN  Raw HTML omitted while rendering "D:/code/my-blog/content/posts/2016-07-15-鍦扮悆鏂囨槑鍜屽畤瀹欏巻鍙茬殑鏈€缁堢瓟妗?灏佺涓庣缃?md"; see
 https://gohugo.io/getting-started/configuration-markup/#rendererunsafe
You can suppress this warning by adding the following to your project configuration:
ignoreLogs = ['warning-goldmark-raw-html']


WARN  Raw HTML omitted while rendering "D:/code/my-blog/content/posts/2024-07-02-鍏充簬澶栨槦浜虹殑鐪熺浉.md"; see https://gohugo.i
o/getting-started/configuration-markup/#rendererunsafe
You can suppress this warning by adding the following to your project configuration:
ignoreLogs = ['warning-goldmark-raw-html']


WARN  Raw HTML omitted while rendering "D:/code/my-blog/content/posts/2024-07-08-绂呬笌绂呮満鐨勬枃鍖?md"; see https://gohugo.io/
getting-started/configuration-markup/#rendererunsafe
You can suppress this warning by adding the following to your project configuration:
ignoreLogs = ['warning-goldmark-raw-html']


WARN  Raw HTML omitted while rendering "D:/code/my-blog/content/posts/2024-07-08-杞粡杞殑鏂囧寲.md"; see https://gohugo.io/g
etting-started/configuration-markup/#rendererunsafe
You can suppress this warning by adding the following to your project configuration:
ignoreLogs = ['warning-goldmark-raw-html']


WARN  Raw HTML omitted while rendering "D:/code/my-blog/content/posts/2024-07-17-濂冲ú琛ュぉ.md"; see https://gohugo.io/gett
ing-started/configuration-markup/#rendererunsafe
You can suppress this warning by adding the following to your project configuration:
ignoreLogs = ['warning-goldmark-raw-html']

WARN  Raw HTML omitted while rendering "D:/code/my-blog/content/posts/2024-07-02-鍏充簬淇銆佷慨鐐笺€佷慨浠欑殑绉樺瘑涓庣湡鐩?md"; see http
s://gohugo.io/getting-started/configuration-markup/#rendererunsafe
You can suppress this warning by adding the following to your project configuration:
ignoreLogs = ['warning-goldmark-raw-html']


WARN  Raw HTML omitted while rendering "D:/code/my-blog/content/posts/2024-07-17-浜洪奔绁炶瘽.md"; see https://gohugo.io/gett
ing-started/configuration-markup/#rendererunsafe
You can suppress this warning by adding the following to your project configuration:
ignoreLogs = ['warning-goldmark-raw-html']


WARN  Raw HTML omitted while rendering "D:/code/my-blog/content/posts/2016-07-15-鍦扮悆鏂囨槑鍜屽畤瀹欏巻鍙茬殑鐪熸绛旀锛堝崄锛?md"; see htt
ps://gohugo.io/getting-started/configuration-markup/#rendererunsafe
You can suppress this warning by adding the following to your project configuration:
ignoreLogs = ['warning-goldmark-raw-html']

WARN  Raw HTML omitted while rendering "D:/code/my-blog/content/posts/2024-07-08-绁炵粡鐥呬汉鐨勮瑷€鐗瑰緛.md"; see https://gohugo
.io/getting-started/configuration-markup/#rendererunsafe
You can suppress this warning by adding the following to your project configuration:
ignoreLogs = ['warning-goldmark-raw-html']


WARN  Raw HTML omitted while rendering "D:/code/my-blog/content/posts/2024-07-08-璺蛋寰楀浜嗭紝灏辨垚浜嗛亾.md"; see https://gohug
o.io/getting-started/configuration-markup/#rendererunsafe
You can suppress this warning by adding the following to your project configuration:
ignoreLogs = ['warning-goldmark-raw-html']


WARN  Raw HTML omitted while rendering "D:/code/my-blog/content/posts/2024-07-17-濂冲ú閫犱汉鐨勭湡鐩?md"; see https://gohugo.io/
getting-started/configuration-markup/#rendererunsafe
You can suppress this warning by adding the following to your project configuration:
ignoreLogs = ['warning-goldmark-raw-html']


WARN  Raw HTML omitted while rendering "D:/code/my-blog/content/posts/2024-07-14-娆″厓鎵嬫湳鍒€鐨勬晠浜?md"; see https://gohugo.i
o/getting-started/configuration-markup/#rendererunsafe
You can suppress this warning by adding the following to your project configuration:
ignoreLogs = ['warning-goldmark-raw-html']


WARN  Raw HTML omitted while rendering "D:/code/my-blog/content/posts/2024-07-02-鑹鎷╂湪鑰屾爾锛屼笅铔嬬殑鍑ゅ嚢涓嶅楦?md"; see https:
//gohugo.io/getting-started/configuration-markup/#rendererunsafe
You can suppress this warning by adding the following to your project configuration:
ignoreLogs = ['warning-goldmark-raw-html']


WARN  Raw HTML omitted while rendering "D:/code/my-blog/content/posts/2016-07-15-鍦扮悆鏂囨槑鍜屽畤瀹欏巻鍙茬殑鐪熸绛旀锛堜節锛?md"; see htt
ps://gohugo.io/getting-started/configuration-markup/#rendererunsafe
You can suppress this warning by adding the following to your project configuration:
ignoreLogs = ['warning-goldmark-raw-html']


WARN  Raw HTML omitted while rendering "D:/code/my-blog/content/posts/2024-07-08-鍒涗笘绗?涓枃瀛楃殑璧锋簮.md"; see https://gohugo
.io/getting-started/configuration-markup/#rendererunsafe
You can suppress this warning by adding the following to your project configuration:
ignoreLogs = ['warning-goldmark-raw-html']


WARN  Raw HTML omitted while rendering "D:/code/my-blog/content/posts/2024-07-17-绾︽煖鐨勭瀛﹀師鐞?md"; see https://gohugo.io/
getting-started/configuration-markup/#rendererunsafe
You can suppress this warning by adding the following to your project configuration:
ignoreLogs = ['warning-goldmark-raw-html']


WARN  Raw HTML omitted while rendering "D:/code/my-blog/content/posts/2024-07-02-鍌湢鏈殑鍘熺悊锛堜簩锛?md"; see https://gohugo.
io/getting-started/configuration-markup/#rendererunsafe
You can suppress this warning by adding the following to your project configuration:
ignoreLogs = ['warning-goldmark-raw-html']


WARN  Raw HTML omitted while rendering "D:/code/my-blog/content/posts/2024-07-08-澶瀬鐨勬渶楂樺ゥ涔?md"; see https://gohugo.io/
getting-started/configuration-markup/#rendererunsafe
You can suppress this warning by adding the following to your project configuration:
ignoreLogs = ['warning-goldmark-raw-html']


WARN  Raw HTML omitted while rendering "D:/code/my-blog/content/posts/2024-07-02-鍌湢鏈殑鍘熺悊锛堜竴锛?md"; see https://gohugo.
io/getting-started/configuration-markup/#rendererunsafe
You can suppress this warning by adding the following to your project configuration:
ignoreLogs = ['warning-goldmark-raw-html']


WARN  Raw HTML omitted while rendering "D:/code/my-blog/content/posts/2024-07-08-榄旈亾鍏ヤ經闂?md"; see https://gohugo.io/get
ting-started/configuration-markup/#rendererunsafe
You can suppress this warning by adding the following to your project configuration:
ignoreLogs = ['warning-goldmark-raw-html']


WARN  Raw HTML omitted while rendering "D:/code/my-blog/content/posts/2024-07-11-绮剧鐩戠嫳鐨勮捣婧?md"; see https://gohugo.io/
getting-started/configuration-markup/#rendererunsafe
You can suppress this warning by adding the following to your project configuration:
ignoreLogs = ['warning-goldmark-raw-html']


WARN  Raw HTML omitted while rendering "D:/code/my-blog/content/posts/2016-07-15-鍦扮悆鏂囨槑鍜屽畤瀹欏巻鍙茬殑鐪熸绛旀锛堝叓锛?md"; see htt
ps://gohugo.io/getting-started/configuration-markup/#rendererunsafe
You can suppress this warning by adding the following to your project configuration:
ignoreLogs = ['warning-goldmark-raw-html']


WARN  Raw HTML omitted while rendering "D:/code/my-blog/content/posts/2024-07-07-杩欎釜涓栫晫涓囩墿鏋勬垚鐨勫熀纭€.md"; see https://goh
ugo.io/getting-started/configuration-markup/#rendererunsafe
You can suppress this warning by adding the following to your project configuration:
ignoreLogs = ['warning-goldmark-raw-html']


WARN  Raw HTML omitted while rendering "D:/code/my-blog/content/posts/2024-07-02-鍏昏櫕瀛愮殑浜猴紝杩熸棭閮戒細琚櫕瀛愬悆浜嗗績.md"; see http
s://gohugo.io/getting-started/configuration-markup/#rendererunsafe
You can suppress this warning by adding the following to your project configuration:
ignoreLogs = ['warning-goldmark-raw-html']


WARN  Raw HTML omitted while rendering "D:/code/my-blog/content/posts/2024-07-17-鏃剁┖鏃呰鑰呬笌榛戣。浜虹殑韬唤.md"; see https://go
hugo.io/getting-started/configuration-markup/#rendererunsafe
You can suppress this warning by adding the following to your project configuration:
ignoreLogs = ['warning-goldmark-raw-html']

WARN  Raw HTML omitted while rendering "D:/code/my-blog/content/posts/2024-07-08-涓冪獚鐜茬彂瀹濆鐨勬枃鍖?md"; see https://gohugo.
io/getting-started/configuration-markup/#rendererunsafe
You can suppress this warning by adding the following to your project configuration:
ignoreLogs = ['warning-goldmark-raw-html']


WARN  Raw HTML omitted while rendering "D:/code/my-blog/content/posts/2024-07-02-鍗庤儱姘忕殑楠楀眬.md"; see https://gohugo.io/g
etting-started/configuration-markup/#rendererunsafe
You can suppress this warning by adding the following to your project configuration:
ignoreLogs = ['warning-goldmark-raw-html']


WARN  Raw HTML omitted while rendering "D:/code/my-blog/content/posts/2024-07-02-浜虹被鏃犳硶绂诲紑澶槼绯荤殑鍘熷洜-澶栭潰鐨勪笘鐣屾棭宸叉瘉.md"; s
ee https://gohugo.io/getting-started/configuration-markup/#rendererunsafe
You can suppress this warning by adding the following to your project configuration:
ignoreLogs = ['warning-goldmark-raw-html']


WARN  Raw HTML omitted while rendering "D:/code/my-blog/content/posts/2016-07-15-瑙ｅ瘑鏈堢悆琛ㄩ潰銆屽法澶х敓鐗╀綋銆?md"; see https://g
ohugo.io/getting-started/configuration-markup/#rendererunsafe
You can suppress this warning by adding the following to your project configuration:
ignoreLogs = ['warning-goldmark-raw-html']


WARN  Raw HTML omitted while rendering "D:/code/my-blog/content/posts/2024-07-08-浣涚鎷堣姳锛岃喀鍙朵竴绗戠殑鏁呬簨.md"; see https://go
hugo.io/getting-started/configuration-markup/#rendererunsafe
You can suppress this warning by adding the following to your project configuration:
ignoreLogs = ['warning-goldmark-raw-html']


WARN  Raw HTML omitted while rendering "D:/code/my-blog/content/posts/2016-07-15-鍦扮悆鏂囨槑鍜屽畤瀹欏巻鍙茬殑鐪熸绛旀锛堝叚锛?md"; see htt
ps://gohugo.io/getting-started/configuration-markup/#rendererunsafe
You can suppress this warning by adding the following to your project configuration:
ignoreLogs = ['warning-goldmark-raw-html']


WARN  Raw HTML omitted while rendering "D:/code/my-blog/content/posts/2024-07-07-浠€涔堟槸鍏夊瓙鐭╅樀.md"; see https://gohugo.io
/getting-started/configuration-markup/#rendererunsafe
You can suppress this warning by adding the following to your project configuration:
ignoreLogs = ['warning-goldmark-raw-html']


WARN  Raw HTML omitted while rendering "D:/code/my-blog/content/posts/2024-07-17-椋炵鐨勫師鐞嗗拰浣滅敤.md"; see https://gohugo.i
o/getting-started/configuration-markup/#rendererunsafe
You can suppress this warning by adding the following to your project configuration:
ignoreLogs = ['warning-goldmark-raw-html']

WARN  Raw HTML omitted while rendering "D:/code/my-blog/content/posts/2024-07-02-鏌紛浼甫锛屽お闃崇郴鐨勭毊灞?md"; see https://gohu
go.io/getting-started/configuration-markup/#rendererunsafe
You can suppress this warning by adding the following to your project configuration:
ignoreLogs = ['warning-goldmark-raw-html']

WARN  Raw HTML omitted while rendering "D:/code/my-blog/content/posts/2024-07-02-鍏夊伐缁勭粐鐨勭湡闈㈢洰.md"; see https://gohugo.i
o/getting-started/configuration-markup/#rendererunsafe
You can suppress this warning by adding the following to your project configuration:
ignoreLogs = ['warning-goldmark-raw-html']


WARN  Raw HTML omitted while rendering "D:/code/my-blog/content/posts/2016-07-15-鍦扮悆鏂囨槑鍜屽畤瀹欏巻鍙茬殑鐪熸绛旀锛堜簲锛?md"; see htt
ps://gohugo.io/getting-started/configuration-markup/#rendererunsafe
You can suppress this warning by adding the following to your project configuration:
ignoreLogs = ['warning-goldmark-raw-html']


WARN  Raw HTML omitted while rendering "D:/code/my-blog/content/posts/2024-07-17-瀹囧畽鐨勭鍏釜璧锋簮锛氳韩涓村叾澧冪殑涓€鏈功.md"; see ht
tps://gohugo.io/getting-started/configuration-markup/#rendererunsafe
You can suppress this warning by adding the following to your project configuration:
ignoreLogs = ['warning-goldmark-raw-html']


WARN  Raw HTML omitted while rendering "D:/code/my-blog/content/posts/2024-07-08-榄旂晫涔嬬溂閲岋紝涓栭棿鍑＄墿鐨嗕负鑺?md"; see https://g
ohugo.io/getting-started/configuration-markup/#rendererunsafe
You can suppress this warning by adding the following to your project configuration:
ignoreLogs = ['warning-goldmark-raw-html']


WARN  Raw HTML omitted while rendering "D:/code/my-blog/content/posts/2024-07-02-浣犱滑瑙佷笉鍒扮湡姝ｆ湁瓒呰兘鍔涚殑浜?md"; see https://g
ohugo.io/getting-started/configuration-markup/#rendererunsafe
You can suppress this warning by adding the following to your project configuration:
ignoreLogs = ['warning-goldmark-raw-html']


WARN  Raw HTML omitted while rendering "D:/code/my-blog/content/posts/2024-07-08-鏇奸檧缃椾笌榄旂晫鍥涜姳鐨勬枃鍖?md"; see https://gohu
go.io/getting-started/configuration-markup/#rendererunsafe
You can suppress this warning by adding the following to your project configuration:
ignoreLogs = ['warning-goldmark-raw-html']


WARN  Raw HTML omitted while rendering "D:/code/my-blog/content/posts/2024-07-17-鍥犵編鑰岀敓鐨勮捣婧?md"; see https://gohugo.io/
getting-started/configuration-markup/#rendererunsafe
You can suppress this warning by adding the following to your project configuration:
ignoreLogs = ['warning-goldmark-raw-html']


WARN  Raw HTML omitted while rendering "D:/code/my-blog/content/posts/2016-07-15-鍦扮悆鏂囨槑鍜屽畤瀹欏巻鍙茬殑鐪熸绛旀锛堝洓锛?md"; see htt
ps://gohugo.io/getting-started/configuration-markup/#rendererunsafe
You can suppress this warning by adding the following to your project configuration:
ignoreLogs = ['warning-goldmark-raw-html']


WARN  Raw HTML omitted while rendering "D:/code/my-blog/content/posts/2024-07-02-鑷敱鑳芥簮涓嶆槸鍏嶈垂鑳芥簮.md"; see https://gohug
o.io/getting-started/configuration-markup/#rendererunsafe
You can suppress this warning by adding the following to your project configuration:
ignoreLogs = ['warning-goldmark-raw-html']


WARN  Raw HTML omitted while rendering "D:/code/my-blog/content/posts/2016-07-15-鍦扮悆鏂囨槑鍜屽畤瀹欏巻鍙茬殑鐪熸绛旀锛堜笁锛?md"; see htt
ps://gohugo.io/getting-started/configuration-markup/#rendererunsafe
You can suppress this warning by adding the following to your project configuration:
ignoreLogs = ['warning-goldmark-raw-html']


WARN  Raw HTML omitted while rendering "D:/code/my-blog/content/posts/2024-07-08-甯堢埗鐨勮捣婧?md"; see https://gohugo.io/get
ting-started/configuration-markup/#rendererunsafe
You can suppress this warning by adding the following to your project configuration:
ignoreLogs = ['warning-goldmark-raw-html']


WARN  Raw HTML omitted while rendering "D:/code/my-blog/content/posts/2024-07-08-灏忔槑涓庛€婂皬鏄庤銆嬬殑鏁呬簨.md"; see https://goh
ugo.io/getting-started/configuration-markup/#rendererunsafe
You can suppress this warning by adding the following to your project configuration:
ignoreLogs = ['warning-goldmark-raw-html']


WARN  Raw HTML omitted while rendering "D:/code/my-blog/content/posts/2016-07-15-鍦扮悆鏂囨槑鍜屽畤瀹欏巻鍙茬殑鐪熸绛旀锛堜簩锛?md"; see htt
ps://gohugo.io/getting-started/configuration-markup/#rendererunsafe
You can suppress this warning by adding the following to your project configuration:
ignoreLogs = ['warning-goldmark-raw-html']


WARN  Raw HTML omitted while rendering "D:/code/my-blog/content/posts/2024-07-02-鍊熻劯璇磋瘽鐨勫璺?md"; see https://gohugo.io/
getting-started/configuration-markup/#rendererunsafe
You can suppress this warning by adding the following to your project configuration:
ignoreLogs = ['warning-goldmark-raw-html']


WARN  Raw HTML omitted while rendering "D:/code/my-blog/content/posts/2024-07-08-鐜夛紝鍏讳汉.md"; see https://gohugo.io/gett
ing-started/configuration-markup/#rendererunsafe
You can suppress this warning by adding the following to your project configuration:
ignoreLogs = ['warning-goldmark-raw-html']


WARN  Raw HTML omitted while rendering "D:/code/my-blog/content/posts/2024-07-07-浣涙暀鍥涘ぇ鑿╄惃-鏂囨畩銆佽涓栭煶銆佹櫘璐ゃ€佸湴钘忕殑鑱?md"; s
ee https://gohugo.io/getting-started/configuration-markup/#rendererunsafe
You can suppress this warning by adding the following to your project configuration:
ignoreLogs = ['warning-goldmark-raw-html']


WARN  Raw HTML omitted while rendering "D:/code/my-blog/content/posts/2024-07-07-鍑ゅ嚢涓庡嚖鍑板嵉鐨勬枃鍖?md"; see https://gohugo.
io/getting-started/configuration-markup/#rendererunsafe
You can suppress this warning by adding the following to your project configuration:
ignoreLogs = ['warning-goldmark-raw-html']


WARN  Raw HTML omitted while rendering "D:/code/my-blog/content/posts/2024-07-02-鏁呭閲岄殣钘忕殑涓婂彜绉戞妧.md"; see https://gohug
o.io/getting-started/configuration-markup/#rendererunsafe
You can suppress this warning by adding the following to your project configuration:
ignoreLogs = ['warning-goldmark-raw-html']


WARN  Raw HTML omitted while rendering "D:/code/my-blog/content/posts/2024-07-02-鑴戠缁忔帶鍒剁幇璞′腑鐨勫墽鏈ā寮忋€佸０闊冲叿璞″寲鍜?md"; se
e https://gohugo.io/getting-started/configuration-markup/#rendererunsafe
You can suppress this warning by adding the following to your project configuration:
ignoreLogs = ['warning-goldmark-raw-html']


WARN  Raw HTML omitted while rendering "D:/code/my-blog/content/posts/2016-07-15-绁炶瘑瀹囧畽涓庣墿鐞嗗畤瀹欑殑绛旀.md"; see https://go
hugo.io/getting-started/configuration-markup/#rendererunsafe
You can suppress this warning by adding the following to your project configuration:
ignoreLogs = ['warning-goldmark-raw-html']


WARN  Raw HTML omitted while rendering "D:/code/my-blog/content/posts/2024-07-08-閲戣熅鏂囧寲.md"; see https://gohugo.io/gett
ing-started/configuration-markup/#rendererunsafe
You can suppress this warning by adding the following to your project configuration:
ignoreLogs = ['warning-goldmark-raw-html']


WARN  Raw HTML omitted while rendering "D:/code/my-blog/content/posts/2024-07-17-閲戞槦涓婄殑鐑︽伡鐥呴櫌鐨勬晠浜?md"; see https://gohu
go.io/getting-started/configuration-markup/#rendererunsafe
You can suppress this warning by adding the following to your project configuration:
ignoreLogs = ['warning-goldmark-raw-html']


WARN  Raw HTML omitted while rendering "D:/code/my-blog/content/posts/2024-07-07-涔濆銆佸お鏋佸拰鍏崷涔嬮棿鐨勫叧绯?md"; see https://g
ohugo.io/getting-started/configuration-markup/#rendererunsafe
You can suppress this warning by adding the following to your project configuration:
ignoreLogs = ['warning-goldmark-raw-html']


WARN  Raw HTML omitted while rendering "D:/code/my-blog/content/posts/2024-07-02-浜轰滑涓嶄俊浠昏浆鍩哄洜鎶€鏈殑鍘熷洜.md"; see https://
gohugo.io/getting-started/configuration-markup/#rendererunsafe
You can suppress this warning by adding the following to your project configuration:
ignoreLogs = ['warning-goldmark-raw-html']


WARN  Raw HTML omitted while rendering "D:/code/my-blog/content/posts/2024-07-17-姘告亽鐢熷懡鐨勬纭疄鐜版柟寮?md"; see https://gohu
go.io/getting-started/configuration-markup/#rendererunsafe
You can suppress this warning by adding the following to your project configuration:
ignoreLogs = ['warning-goldmark-raw-html']


WARN  Raw HTML omitted while rendering "D:/code/my-blog/content/posts/2016-07-15-绠€鍗曠殑鎺ㄧ悊鍜岀畝鍗曠殑绛旀.md"; see https://goh
ugo.io/getting-started/configuration-markup/#rendererunsafe
You can suppress this warning by adding the following to your project configuration:
ignoreLogs = ['warning-goldmark-raw-html']


WARN  Raw HTML omitted while rendering "D:/code/my-blog/content/posts/2024-07-07-鑸嶅埄鐨勬枃鍖?md"; see https://gohugo.io/get
ting-started/configuration-markup/#rendererunsafe
You can suppress this warning by adding the following to your project configuration:
ignoreLogs = ['warning-goldmark-raw-html']


WARN  Raw HTML omitted while rendering "D:/code/my-blog/content/posts/2024-07-17-婵掓浣撻獙鐨勮捣婧?md"; see https://gohugo.io/
getting-started/configuration-markup/#rendererunsafe
You can suppress this warning by adding the following to your project configuration:
ignoreLogs = ['warning-goldmark-raw-html']


WARN  Raw HTML omitted while rendering "D:/code/my-blog/content/posts/2024-07-08-澶╄垶瀹濊疆锛堣椈浜曪紝鍧涘煄锛夌殑鏂囧寲.md"; see https:/
/gohugo.io/getting-started/configuration-markup/#rendererunsafe
You can suppress this warning by adding the following to your project configuration:
ignoreLogs = ['warning-goldmark-raw-html']


WARN  Raw HTML omitted while rendering "D:/code/my-blog/content/posts/2024-07-02-纭呭熀鐢熷懡鐨勫舰鎬?md"; see https://gohugo.io/
getting-started/configuration-markup/#rendererunsafe
You can suppress this warning by adding the following to your project configuration:
ignoreLogs = ['warning-goldmark-raw-html']


WARN  Raw HTML omitted while rendering "D:/code/my-blog/content/posts/2024-07-15-鍚嶅瓧鐨勬剰涔?md"; see https://gohugo.io/get
ting-started/configuration-markup/#rendererunsafe
You can suppress this warning by adding the following to your project configuration:
ignoreLogs = ['warning-goldmark-raw-html']


WARN  Raw HTML omitted while rendering "D:/code/my-blog/content/posts/2024-07-07-瀹囧畽鐨勪笁澶ц繍浣滄湰璐?铻烘棆锛屽垎褰紝骞诲寲.md"; see ht
tps://gohugo.io/getting-started/configuration-markup/#rendererunsafe
You can suppress this warning by adding the following to your project configuration:
ignoreLogs = ['warning-goldmark-raw-html']


WARN  Raw HTML omitted while rendering "D:/code/my-blog/content/posts/2024-07-02-钂欏涓借帋杩蜂汉寰瑧鐨勭瀵?md"; see https://gohu
go.io/getting-started/configuration-markup/#rendererunsafe
You can suppress this warning by adding the following to your project configuration:
ignoreLogs = ['warning-goldmark-raw-html']


WARN  Raw HTML omitted while rendering "D:/code/my-blog/content/posts/2024-07-07-鍛ㄥぉ銆佸ぇ鍛ㄥぉ鍜屽皬鍛ㄥぉ鐨勭畻娉?md"; see https://g
ohugo.io/getting-started/configuration-markup/#rendererunsafe
You can suppress this warning by adding the following to your project configuration:
ignoreLogs = ['warning-goldmark-raw-html']


WARN  Raw HTML omitted while rendering "D:/code/my-blog/content/posts/2016-07-15-鍏充簬鏃剁┖鏃呰鐨勭瓟妗?md"; see https://gohugo.
io/getting-started/configuration-markup/#rendererunsafe
You can suppress this warning by adding the following to your project configuration:
ignoreLogs = ['warning-goldmark-raw-html']


WARN  Raw HTML omitted while rendering "D:/code/my-blog/content/posts/2024-07-07-绱按鏅讹紝鑳界粰浜哄甫鏉ュ垢绂忕殑涓滆タ.md"; see https:/
/gohugo.io/getting-started/configuration-markup/#rendererunsafe
You can suppress this warning by adding the following to your project configuration:
ignoreLogs = ['warning-goldmark-raw-html']


WARN  Raw HTML omitted while rendering "D:/code/my-blog/content/posts/2024-07-17-瀹囧畽鐨勭涓冧釜璧锋簮锛氭矙婕犻噷鐨勪竴鏉¤埞.md"; see http
s://gohugo.io/getting-started/configuration-markup/#rendererunsafe
You can suppress this warning by adding the following to your project configuration:
ignoreLogs = ['warning-goldmark-raw-html']


WARN  Raw HTML omitted while rendering "D:/code/my-blog/content/posts/2016-07-15-瀹囧畽闂存渶澶х殑绗戣瘽锛氳€佸お澶殑鍑犲垎钖勯潰.md"; see ht
tps://gohugo.io/getting-started/configuration-markup/#rendererunsafe
You can suppress this warning by adding the following to your project configuration:
ignoreLogs = ['warning-goldmark-raw-html']

WARN  Raw HTML omitted while rendering "D:/code/my-blog/content/posts/2024-07-02-鍏充簬铚ヨ湸浜虹殑鐪熺浉.md"; see https://gohugo.i
o/getting-started/configuration-markup/#rendererunsafe
You can suppress this warning by adding the following to your project configuration:
ignoreLogs = ['warning-goldmark-raw-html']

WARN  Raw HTML omitted while rendering "D:/code/my-blog/content/posts/2016-07-15-褰卞瓙鎻-杩滅▼鑴戠缁忕洃鎺?md"; see https://goh
ugo.io/getting-started/configuration-markup/#rendererunsafe
You can suppress this warning by adding the following to your project configuration:
ignoreLogs = ['warning-goldmark-raw-html']


WARN  Raw HTML omitted while rendering "D:/code/my-blog/content/posts/2024-07-02-棰勮█鐨勫疄鐜版柟寮?md"; see https://gohugo.io/
getting-started/configuration-markup/#rendererunsafe
You can suppress this warning by adding the following to your project configuration:
ignoreLogs = ['warning-goldmark-raw-html']


WARN  Raw HTML omitted while rendering "D:/code/my-blog/content/posts/2024-07-02-鍦扮悆鐨勭幇鐘?鐩戠嫳琛屾槦锛屽兊灏告枃鏄庯紝澶洃甯濆浗.md"; see
 https://gohugo.io/getting-started/configuration-markup/#rendererunsafe
You can suppress this warning by adding the following to your project configuration:
ignoreLogs = ['warning-goldmark-raw-html']


WARN  Raw HTML omitted while rendering "D:/code/my-blog/content/posts/2024-07-17-瀹囧畽鐨勭浜斾釜璧锋簮锛氭棤浜虹殑鍥句功棣?md"; see https:
//gohugo.io/getting-started/configuration-markup/#rendererunsafe
You can suppress this warning by adding the following to your project configuration:
ignoreLogs = ['warning-goldmark-raw-html']


WARN  Raw HTML omitted while rendering "D:/code/my-blog/content/posts/2024-07-07-杩蜂笌涔?md"; see https://gohugo.io/gettin
g-started/configuration-markup/#rendererunsafe
You can suppress this warning by adding the following to your project configuration:
ignoreLogs = ['warning-goldmark-raw-html']


WARN  Raw HTML omitted while rendering "D:/code/my-blog/content/posts/2016-07-15-鍏充簬姒傚康鐨勭瓟妗?md"; see https://gohugo.io/
getting-started/configuration-markup/#rendererunsafe
You can suppress this warning by adding the following to your project configuration:
ignoreLogs = ['warning-goldmark-raw-html']


WARN  Raw HTML omitted while rendering "D:/code/my-blog/content/posts/2024-07-02-澹版尝姝﹀櫒鐨勫▉鍔?md"; see https://gohugo.io/
getting-started/configuration-markup/#rendererunsafe
You can suppress this warning by adding the following to your project configuration:
ignoreLogs = ['warning-goldmark-raw-html']


WARN  Raw HTML omitted while rendering "D:/code/my-blog/content/posts/2024-07-02-涓変汉琛岋紝鎸戞嫧绂婚棿锛屼袱杈归兘鏄綘鐨勫ソ鏈嬪弸.md"; see h
ttps://gohugo.io/getting-started/configuration-markup/#rendererunsafe
You can suppress this warning by adding the following to your project configuration:
ignoreLogs = ['warning-goldmark-raw-html']


WARN  Raw HTML omitted while rendering "D:/code/my-blog/content/posts/2024-07-07-鍜屽皻涓嶇暀闀垮彂鐨勫師鍥?md"; see https://gohugo.
io/getting-started/configuration-markup/#rendererunsafe
You can suppress this warning by adding the following to your project configuration:
ignoreLogs = ['warning-goldmark-raw-html']


WARN  Raw HTML omitted while rendering "D:/code/my-blog/content/posts/2016-07-15-鍏充簬浜虹被鐨勭瓟妗?md"; see https://gohugo.io/
getting-started/configuration-markup/#rendererunsafe
You can suppress this warning by adding the following to your project configuration:
ignoreLogs = ['warning-goldmark-raw-html']


WARN  Raw HTML omitted while rendering "D:/code/my-blog/content/posts/2024-07-02-褰煎哺鑺辩殑绉樺瘑.md"; see https://gohugo.io/g
etting-started/configuration-markup/#rendererunsafe
You can suppress this warning by adding the following to your project configuration:
ignoreLogs = ['warning-goldmark-raw-html']


WARN  Raw HTML omitted while rendering "D:/code/my-blog/content/posts/2016-07-15-鍏充簬澶栨槦浜虹殑鐪熺浉-澶栨槦浜轰粠鏈寮€.md"; see http
s://gohugo.io/getting-started/configuration-markup/#rendererunsafe
You can suppress this warning by adding the following to your project configuration:
ignoreLogs = ['warning-goldmark-raw-html']


WARN  Raw HTML omitted while rendering "D:/code/my-blog/content/posts/2024-07-08-鍒涗笘涔嬪垵锛屾槸涓€涓偣.md"; see https://gohugo
.io/getting-started/configuration-markup/#rendererunsafe
You can suppress this warning by adding the following to your project configuration:
ignoreLogs = ['warning-goldmark-raw-html']


WARN  Raw HTML omitted while rendering "D:/code/my-blog/content/posts/2024-07-17-瀹囧畽鐨勭鍥涗釜璧锋簮锛氱粷鏈涘湴鐙遍噷鐨勪竴涓濅笉瀹?md"; see 
https://gohugo.io/getting-started/configuration-markup/#rendererunsafe
You can suppress this warning by adding the following to your project configuration:
ignoreLogs = ['warning-goldmark-raw-html']


WARN  Raw HTML omitted while rendering "D:/code/my-blog/content/posts/2024-07-02-濂囬棬閬佺敳鐨勭湡姝ｅ巻鍙插拰鐪熺浉.md"; see https://go
hugo.io/getting-started/configuration-markup/#rendererunsafe
You can suppress this warning by adding the following to your project configuration:
ignoreLogs = ['warning-goldmark-raw-html']


WARN  Raw HTML omitted while rendering "D:/code/my-blog/content/posts/2016-07-15-鍏充簬姊︾殑鐪熺浉.md"; see https://gohugo.io/g
etting-started/configuration-markup/#rendererunsafe
You can suppress this warning by adding the following to your project configuration:
ignoreLogs = ['warning-goldmark-raw-html']


WARN  Raw HTML omitted while rendering "D:/code/my-blog/content/posts/2024-07-08-鐭ヨ瘑鐨勮捣婧?md"; see https://gohugo.io/get
ting-started/configuration-markup/#rendererunsafe
You can suppress this warning by adding the following to your project configuration:
ignoreLogs = ['warning-goldmark-raw-html']


WARN  Raw HTML omitted while rendering "D:/code/my-blog/content/posts/2016-07-15-鍏充簬鏈堢悆鐨勭湡鐩?md"; see https://gohugo.io/
getting-started/configuration-markup/#rendererunsafe
You can suppress this warning by adding the following to your project configuration:
ignoreLogs = ['warning-goldmark-raw-html']


WARN  Raw HTML omitted while rendering "D:/code/my-blog/content/posts/2024-07-02-鏇煎痉鎷夋晥搴旇В瀵?md"; see https://gohugo.io/
getting-started/configuration-markup/#rendererunsafe
You can suppress this warning by adding the following to your project configuration:
ignoreLogs = ['warning-goldmark-raw-html']


WARN  Raw HTML omitted while rendering "D:/code/my-blog/content/posts/2024-07-07-鎱ф牴锛屾櫤鎱т箣鏍?md"; see https://gohugo.io/
getting-started/configuration-markup/#rendererunsafe
You can suppress this warning by adding the following to your project configuration:
ignoreLogs = ['warning-goldmark-raw-html']


WARN  Raw HTML omitted while rendering "D:/code/my-blog/content/posts/2024-07-14-鍦颁笅鐢熷寲瀹為獙瀹や笌鍗佸叓灞傚湴鐙辩殑鐢辨潵.md"; see http
s://gohugo.io/getting-started/configuration-markup/#rendererunsafe
You can suppress this warning by adding the following to your project configuration:
ignoreLogs = ['warning-goldmark-raw-html']


WARN  Raw HTML omitted while rendering "D:/code/my-blog/content/posts/2024-07-17-瀹囧畽鐨勭浜屼釜璧锋簮锛氳灏忕簿鐏靛鐫¤.md"; see http
s://gohugo.io/getting-started/configuration-markup/#rendererunsafe
You can suppress this warning by adding the following to your project configuration:
ignoreLogs = ['warning-goldmark-raw-html']


WARN  Raw HTML omitted while rendering "D:/code/my-blog/content/posts/2016-07-15-鍏充簬涓変釜瀹囧畽绾厓鐨勬晠浜?md"; see https://gohu
go.io/getting-started/configuration-markup/#rendererunsafe
You can suppress this warning by adding the following to your project configuration:
ignoreLogs = ['warning-goldmark-raw-html']


WARN  Raw HTML omitted while rendering "D:/code/my-blog/content/posts/2024-07-17-瀹囧畽鐨勭涓€涓捣婧愶細鑰侀緳鐜嬬殑涓€缂曠儫.md"; see htt
ps://gohugo.io/getting-started/configuration-markup/#rendererunsafe
You can suppress this warning by adding the following to your project configuration:
ignoreLogs = ['warning-goldmark-raw-html']


WARN  Raw HTML omitted while rendering "D:/code/my-blog/content/posts/2024-07-02-鐪嬫噦浜嗕竴涓汉瀛楋紝灏辩湅鎳備簡杩欎釜涓栫晫.md"; see http
s://gohugo.io/getting-started/configuration-markup/#rendererunsafe
You can suppress this warning by adding the following to your project configuration:
ignoreLogs = ['warning-goldmark-raw-html']


WARN  Raw HTML omitted while rendering "D:/code/my-blog/content/posts/2024-07-07-棣欑倝鍜岀传鐑熺殑鏂囧寲.md"; see https://gohugo.i
o/getting-started/configuration-markup/#rendererunsafe
You can suppress this warning by adding the following to your project configuration:
ignoreLogs = ['warning-goldmark-raw-html']

WARN  Raw HTML omitted while rendering "D:/code/my-blog/content/posts/2016-07-15-鍏充簬缁村害鐨勭瓟妗?md"; see https://gohugo.io/
getting-started/configuration-markup/#rendererunsafe
You can suppress this warning by adding the following to your project configuration:
ignoreLogs = ['warning-goldmark-raw-html']


WARN  Raw HTML omitted while rendering "D:/code/my-blog/content/posts/2016-07-15-鍏充簬鍦扮悆鐨勭粓鏋佺瓟妗?md"; see https://gohugo.
io/getting-started/configuration-markup/#rendererunsafe
You can suppress this warning by adding the following to your project configuration:
ignoreLogs = ['warning-goldmark-raw-html']


WARN  Raw HTML omitted while rendering "D:/code/my-blog/content/posts/2024-07-02-浜哄拰鏈哄櫒浜虹殑鍖哄埆-鏈垜鎰忚瘑.md"; see https://g
ohugo.io/getting-started/configuration-markup/#rendererunsafe
You can suppress this warning by adding the following to your project configuration:
ignoreLogs = ['warning-goldmark-raw-html']


WARN  Raw HTML omitted while rendering "D:/code/my-blog/content/posts/2024-07-17-灏兼瘮椴佸湪鏄熼檯鏃呰涓殑浣滅敤.md"; see https://go
hugo.io/getting-started/configuration-markup/#rendererunsafe
You can suppress this warning by adding the following to your project configuration:
ignoreLogs = ['warning-goldmark-raw-html']


WARN  Raw HTML omitted while rendering "D:/code/my-blog/content/posts/2024-07-07-骞宠涓栫晫銆佽〃涓栫晫鍜岄噷涓栫晫鐨勬蹇?md"; see https:
//gohugo.io/getting-started/configuration-markup/#rendererunsafe
You can suppress this warning by adding the following to your project configuration:
ignoreLogs = ['warning-goldmark-raw-html']

WARN  Raw HTML omitted while rendering "D:/code/my-blog/content/posts/2016-07-15-鍏充簬瀹囧畽鐨勭粓鏋佺瓟妗?md"; see https://gohugo.
io/getting-started/configuration-markup/#rendererunsafe
You can suppress this warning by adding the following to your project configuration:
ignoreLogs = ['warning-goldmark-raw-html']


WARN  Raw HTML omitted while rendering "D:/code/my-blog/content/posts/2024-07-02-鎴樹簤鐨勭洰鐨?md"; see https://gohugo.io/get
ting-started/configuration-markup/#rendererunsafe
You can suppress this warning by adding the following to your project configuration:
ignoreLogs = ['warning-goldmark-raw-html']


WARN  Raw HTML omitted while rendering "D:/code/my-blog/content/posts/2016-07-15-鐪嬪畬缁濆闇囨捈浣犵殑鐏甸瓊锛岀湡瀹炵殑銆婂鏄熶汉璁胯皥銆?md"; s
ee https://gohugo.io/getting-started/configuration-markup/#rendererunsafe
You can suppress this warning by adding the following to your project configuration:
ignoreLogs = ['warning-goldmark-raw-html']


WARN  Raw HTML omitted while rendering "D:/code/my-blog/content/posts/2024-07-15-澶╁爞鍙槸鍦扮嫳鐨勪竴鎵囬棬.md"; see https://gohug
o.io/getting-started/configuration-markup/#rendererunsafe
You can suppress this warning by adding the following to your project configuration:
ignoreLogs = ['warning-goldmark-raw-html']


WARN  Raw HTML omitted while rendering "D:/code/my-blog/content/posts/2024-07-07-涓€涓汉锛屼袱涓績.md"; see https://gohugo.io
/getting-started/configuration-markup/#rendererunsafe
You can suppress this warning by adding the following to your project configuration:
ignoreLogs = ['warning-goldmark-raw-html']


WARN  Raw HTML omitted while rendering "D:/code/my-blog/content/posts/2024-07-17-绁炶瘽閲岀殑绁炶瘽.md"; see https://gohugo.io/g
etting-started/configuration-markup/#rendererunsafe
You can suppress this warning by adding the following to your project configuration:
ignoreLogs = ['warning-goldmark-raw-html']


WARN  Raw HTML omitted while rendering "D:/code/my-blog/content/posts/2024-07-07-瑗挎柟浜轰俊鍩虹潱鏁欑殑鍘熷洜.md"; see https://gohug
o.io/getting-started/configuration-markup/#rendererunsafe
You can suppress this warning by adding the following to your project configuration:
ignoreLogs = ['warning-goldmark-raw-html']


WARN  Raw HTML omitted while rendering "D:/code/my-blog/content/posts/2024-07-07-瀹楁暀鐨勬湰璐?md"; see https://gohugo.io/get
ting-started/configuration-markup/#rendererunsafe
You can suppress this warning by adding the following to your project configuration:
ignoreLogs = ['warning-goldmark-raw-html']


WARN  Raw HTML omitted while rendering "D:/code/my-blog/content/posts/2024-07-02-閽辩殑鏈川.md"; see https://gohugo.io/gett
ing-started/configuration-markup/#rendererunsafe
You can suppress this warning by adding the following to your project configuration:
ignoreLogs = ['warning-goldmark-raw-html']


WARN  Raw HTML omitted while rendering "D:/code/my-blog/content/posts/2024-07-07-棣欒晧鎵撶尨鐨勭瑧璇?md"; see https://gohugo.io/
getting-started/configuration-markup/#rendererunsafe
You can suppress this warning by adding the following to your project configuration:
ignoreLogs = ['warning-goldmark-raw-html']


WARN  Raw HTML omitted while rendering "D:/code/my-blog/content/posts/2024-07-07-宸у悎鍙洜娉ㄥ畾锛屽伓鐒跺彧鍥犲繀鐒?md"; see https://g
ohugo.io/getting-started/configuration-markup/#rendererunsafe
You can suppress this warning by adding the following to your project configuration:
ignoreLogs = ['warning-goldmark-raw-html']


WARN  Raw HTML omitted while rendering "D:/code/my-blog/content/posts/2024-07-17-棣欏反鎷夛紝涓栫晫鐨勮酱蹇?md"; see https://gohugo.
io/getting-started/configuration-markup/#rendererunsafe
You can suppress this warning by adding the following to your project configuration:
ignoreLogs = ['warning-goldmark-raw-html']


WARN  Raw HTML omitted while rendering "D:/code/my-blog/content/posts/2024-07-02-缂镐腑涔嬭剳涓庤櫄鎷熺幇瀹炵殑鐪熺浉.md"; see https://go
hugo.io/getting-started/configuration-markup/#rendererunsafe
You can suppress this warning by adding the following to your project configuration:
ignoreLogs = ['warning-goldmark-raw-html']


WARN  Raw HTML omitted while rendering "D:/code/my-blog/content/posts/2024-07-07-椋庢按鐨勬湰璐?md"; see https://gohugo.io/get
ting-started/configuration-markup/#rendererunsafe
You can suppress this warning by adding the following to your project configuration:
ignoreLogs = ['warning-goldmark-raw-html']


WARN  Raw HTML omitted while rendering "D:/code/my-blog/content/posts/2024-07-02-浣犱滑瑕佹仺鐨勪笉鏄棩鏈汉锛岃€屾槸璇ユ鐨勫啗鍥戒富涔?md"; se
e https://gohugo.io/getting-started/configuration-markup/#rendererunsafe
You can suppress this warning by adding the following to your project configuration:
ignoreLogs = ['warning-goldmark-raw-html']


WARN  Raw HTML omitted while rendering "D:/code/my-blog/content/posts/2024-07-17-榫欐棌绁炶瘽.md"; see https://gohugo.io/gett
ing-started/configuration-markup/#rendererunsafe
You can suppress this warning by adding the following to your project configuration:
ignoreLogs = ['warning-goldmark-raw-html']


WARN  Raw HTML omitted while rendering "D:/code/my-blog/content/posts/2024-07-07-瀹囧畽鐨勮В璇?md"; see https://gohugo.io/get
ting-started/configuration-markup/#rendererunsafe
You can suppress this warning by adding the following to your project configuration:
ignoreLogs = ['warning-goldmark-raw-html']


WARN  Raw HTML omitted while rendering "D:/code/my-blog/content/posts/2024-07-17-绮剧伒绁炶瘽.md"; see https://gohugo.io/gett
ing-started/configuration-markup/#rendererunsafe
You can suppress this warning by adding the following to your project configuration:
ignoreLogs = ['warning-goldmark-raw-html']


WARN  Raw HTML omitted while rendering "D:/code/my-blog/content/posts/2024-07-07-澶辫惤鐨勭湡绁炰箣鍚?md"; see https://gohugo.io/
getting-started/configuration-markup/#rendererunsafe
You can suppress this warning by adding the following to your project configuration:
ignoreLogs = ['warning-goldmark-raw-html']


WARN  Raw HTML omitted while rendering "D:/code/my-blog/content/posts/2024-07-17-鏃剁┖鏃呰銆佹槦闄呮梾琛岀殑鏂瑰紡.md"; see https://go
hugo.io/getting-started/configuration-markup/#rendererunsafe
You can suppress this warning by adding the following to your project configuration:
ignoreLogs = ['warning-goldmark-raw-html']


WARN  Raw HTML omitted while rendering "D:/code/my-blog/content/posts/2024-07-07-鎵戝厠鐗岄噷锛岃皝鏈€澶э紵.md"; see https://gohugo
.io/getting-started/configuration-markup/#rendererunsafe
You can suppress this warning by adding the following to your project configuration:
ignoreLogs = ['warning-goldmark-raw-html']


WARN  Raw HTML omitted while rendering "D:/code/my-blog/content/posts/2024-07-07-鍏充簬榛勬硥鍜屽お宀佺殑鐪熺浉.md"; see https://gohug
o.io/getting-started/configuration-markup/#rendererunsafe
You can suppress this warning by adding the following to your project configuration:
ignoreLogs = ['warning-goldmark-raw-html']


WARN  Raw HTML omitted while rendering "D:/code/my-blog/content/posts/2024-07-17-澶╁浗鐨勫奖闄紝浜烘鍚庣殑涓栫晫.md"; see https://go
hugo.io/getting-started/configuration-markup/#rendererunsafe
You can suppress this warning by adding the following to your project configuration:
ignoreLogs = ['warning-goldmark-raw-html']


WARN  Raw HTML omitted while rendering "D:/code/my-blog/content/posts/2024-07-07-閬撳鐨勮緹璋蜂笉鏄粷椋?md"; see https://gohugo.
io/getting-started/configuration-markup/#rendererunsafe
You can suppress this warning by adding the following to your project configuration:
ignoreLogs = ['warning-goldmark-raw-html']


WARN  Raw HTML omitted while rendering "D:/code/my-blog/content/posts/2024-07-07-鐢熺墿鐨勬剰璇嗘槸濡備綍浜х敓鐨勶紵.md"; see https://go
hugo.io/getting-started/configuration-markup/#rendererunsafe
You can suppress this warning by adding the following to your project configuration:
ignoreLogs = ['warning-goldmark-raw-html']


WARN  Raw HTML omitted while rendering "D:/code/my-blog/content/posts/2024-07-15-鍒涗笘鐨勯瓟娉曪紝鐢诲湀鐨勭璇?md"; see https://gohu
go.io/getting-started/configuration-markup/#rendererunsafe
You can suppress this warning by adding the following to your project configuration:
ignoreLogs = ['warning-goldmark-raw-html']


WARN  Raw HTML omitted while rendering "D:/code/my-blog/content/posts/2024-07-07-鏈嶅姟鐨勭敱鏉ュ拰绌胯。鐨勬湰鎰?md"; see https://gohu
go.io/getting-started/configuration-markup/#rendererunsafe
You can suppress this warning by adding the following to your project configuration:
ignoreLogs = ['warning-goldmark-raw-html']


WARN  Raw HTML omitted while rendering "D:/code/my-blog/content/posts/2024-07-14-绁栧瓩鎮栬鐨勫敮涓€绛旀.md"; see https://gohugo
.io/getting-started/configuration-markup/#rendererunsafe
You can suppress this warning by adding the following to your project configuration:
ignoreLogs = ['warning-goldmark-raw-html']


WARN  Raw HTML omitted while rendering "D:/code/my-blog/content/posts/2024-07-07-浜虹被鍏跺疄浠€涔堥兘鍚?md"; see https://gohugo.i
o/getting-started/configuration-markup/#rendererunsafe
You can suppress this warning by adding the following to your project configuration:
ignoreLogs = ['warning-goldmark-raw-html']


WARN  Raw HTML omitted while rendering "D:/code/my-blog/content/posts/2024-07-14-娆″厓鐢熺墿-鎷涢瓊鑽変笌搴斿０铏?md"; see https://goh
ugo.io/getting-started/configuration-markup/#rendererunsafe
You can suppress this warning by adding the following to your project configuration:
ignoreLogs = ['warning-goldmark-raw-html']


WARN  Raw HTML omitted while rendering "D:/code/my-blog/content/posts/2024-07-13-闈掗摐绁炴爲鐨勪綔鐢?md"; see https://gohugo.io/
getting-started/configuration-markup/#rendererunsafe
You can suppress this warning by adding the following to your project configuration:
ignoreLogs = ['warning-goldmark-raw-html']


WARN  Raw HTML omitted while rendering "D:/code/my-blog/content/posts/2024-07-07-娌夐粯涓嶆槸閲?md"; see https://gohugo.io/get
ting-started/configuration-markup/#rendererunsafe
You can suppress this warning by adding the following to your project configuration:
ignoreLogs = ['warning-goldmark-raw-html']


WARN  Raw HTML omitted while rendering "D:/code/my-blog/content/posts/2024-07-12-绁炶瘽鏃朵唬鐨勭鏋滀笌姣掕泧鐨勫惈涔?md"; see https://g
ohugo.io/getting-started/configuration-markup/#rendererunsafe
You can suppress this warning by adding the following to your project configuration:
ignoreLogs = ['warning-goldmark-raw-html']


WARN  Raw HTML omitted while rendering "D:/code/my-blog/content/posts/2024-07-11-绁炲啘姘忕殑鐪熷疄韬唤.md"; see https://gohugo.i
o/getting-started/configuration-markup/#rendererunsafe
You can suppress this warning by adding the following to your project configuration:
ignoreLogs = ['warning-goldmark-raw-html']


WARN  Raw HTML omitted while rendering "D:/code/my-blog/content/posts/2024-07-02-闀滃瓙锛岄€氬線鍙︿竴涓笘鐣岀殑閫氶亾.md"; see https://
gohugo.io/getting-started/configuration-markup/#rendererunsafe
You can suppress this warning by adding the following to your project configuration:
ignoreLogs = ['warning-goldmark-raw-html']


WARN  Raw HTML omitted while rendering "D:/code/my-blog/content/about/index.md"; see https://gohugo.io/getting-started/
configuration-markup/#rendererunsafe
You can suppress this warning by adding the following to your project configuration:
ignoreLogs = ['warning-goldmark-raw-html']



                  鈹? EN  
鈹€鈹€鈹€鈹€鈹€鈹€鈹€鈹€鈹€鈹€鈹€鈹€鈹€鈹€鈹€鈹€鈹€鈹€鈹尖攢鈹€鈹€鈹€鈹€鈹€
 Pages            鈹? 301 
 Paginator pages  鈹?   0 
 Non-page files   鈹?   0 
 Static files     鈹?5061 
 Processed images 鈹?   0 
 Aliases          鈹?   0 
 Cleaned          鈹?   0 

Total in 2362 ms
